16:37:02.350    <Info> idevicerestore 1.0.0-git-405fcd1 (libirecovery 1.3.1, libtatsu 1.0.5)
16:37:02.360    <Info> Found device in Recovery mode
16:37:02.363    <Info> ECID: 8480404586643486
16:37:02.363    <Info> Identified device as d63ap, iPhone14,2
16:37:02.363    <Info> Device Product Version: N/A
16:37:02.363    <Info> Device Product Build: N/A
16:37:02.363    <Info> Extracting BuildManifest from IPSW
16:37:02.366    <Info> IPSW Product Version: 26.4.1
16:37:02.366    <Info> IPSW Product Build: 23E254 Major: 23
16:37:02.369    <Info> INFO: device serial number is W3HMHFMGFQ
16:37:02.369    <Info> Device supports Image4: true
16:37:02.369    <Info> Variant: Customer Upgrade Install (IPSW)
16:37:02.369    <Info> This restore will update the device without erasing user data.
16:37:02.369    <Info> Checking IPSW for required components...
16:37:02.375    <Info> All required components found in IPSW
16:37:02.375    <Info> Getting ApNonce in Recovery mode... e8 cd e9 61 ea 51 7f 1a 6c 13 92 66 6a 10 97 1a 17 f2 df e4 7c 42 b5 63 82 4b 8b 68 ef ee 3b 94
16:37:02.375    <Info> Trying to fetch new SHSH blob
16:37:02.375    <Info> Getting SepNonce in recovery mode... 7b d4 34 e6 66 cf c4 66 ad 4f f4 d5 b2 f0 c8 52 89 2d cb af
16:37:03.352    <Info> Received SHSH blobs
16:37:03.353    <Info> Extracting iBEC.d63.RELEASE.im4p (Firmware/dfu/iBEC.d63.RELEASE.im4p)...
16:37:03.357    <Info> Personalizing IMG4 component iBEC...
16:37:03.358    <Info> Sending iBEC (1108601 bytes)...
16:37:04.801    <Info> Recovery Mode Environment:
16:37:04.804    <Info> iBoot build-version=mBoot-18000.102.4
16:37:04.807    <Info> iBoot build-style=RELEASE
16:37:04.820    <Info> Sending RestoreLogo...
16:37:04.821    <Info> Extracting applelogo@2532~iphone.im4p (Firmware/all_flash/applelogo@2532~iphone.im4p)...
16:37:04.822    <Info> Personalizing IMG4 component RestoreLogo...
16:37:04.822    <Info> Sending RestoreLogo (29761 bytes)...
16:37:04.829    <Info> Extracting h14_ane_fw_bia_d6x.im4p (Firmware/ane/h14_ane_fw_bia_d6x.im4p)...
16:37:04.833    <Info> Personalizing IMG4 component ANE...
16:37:04.834    <Info> Sending ANE (1648994 bytes)...
16:37:04.909    <Info> Extracting aopfw-iphone14aop.RELEASE.im4p (Firmware/AOP/aopfw-iphone14aop.RELEASE.im4p)...
16:37:04.918    <Info> Personalizing IMG4 component AOP...
16:37:04.919    <Info> Sending AOP (2640226 bytes)...
16:37:05.072    <Info> Extracting AppleAVE2FW_H14.im4p (Firmware/ave/AppleAVE2FW_H14.im4p)...
16:37:05.078    <Info> Personalizing IMG4 component AVE...
16:37:05.079    <Info> Sending AVE (2448002 bytes)...
16:37:05.176    <Info> Extracting sptm.t8110.release.im4p (Firmware/sptm.t8110.release.im4p)...
16:37:05.179    <Info> Personalizing IMG4 component Ap,RestoreSecurePageTableMonitor...
16:37:05.179    <Info> Sending Ap,RestoreSecurePageTableMonitor (193209 bytes)...
16:37:05.194    <Info> Extracting txm.iphoneos.release.im4p (Firmware/txm.iphoneos.release.im4p)...
16:37:05.195    <Info> Personalizing IMG4 component Ap,RestoreTrustedExecutionMonitor...
16:37:05.195    <Info> Sending Ap,RestoreTrustedExecutionMonitor (167586 bytes)...
16:37:05.208    <Info> Extracting armfw_g14p.im4p (Firmware/agx/armfw_g14p.im4p)...
16:37:05.212    <Info> Personalizing IMG4 component GFX...
16:37:05.217    <Info> Sending GFX (3040946 bytes)...
16:37:05.339    <Info> Extracting adc-kratos-d6x.im4p (Firmware/isp_bni/adc-kratos-d6x.im4p)...
16:37:05.391    <Info> Personalizing IMG4 component ISP...
16:37:05.394    <Info> Sending ISP (21227877 bytes)...
16:37:06.194    <Info> Extracting D63_MtpFirmware.im4p (Firmware/D63_MtpFirmware.im4p)...
16:37:06.201    <Info> Personalizing IMG4 component MtpFirmware...
16:37:06.202    <Info> Sending MtpFirmware (2979721 bytes)...
16:37:06.334    <Info> Extracting t8110pmp.im4p (Firmware/pmp/t8110pmp.im4p)...
16:37:06.336    <Info> Personalizing IMG4 component PMP...
16:37:06.336    <Info> Sending PMP (502114 bytes)...
16:37:06.367    <Info> Extracting rans.t8110.release.im4p (Firmware/rans.t8110.release.im4p)...
16:37:06.369    <Info> Personalizing IMG4 component RestoreANS...
16:37:06.369    <Info> Sending RestoreANS (1039269 bytes)...
16:37:06.934    <Info> Extracting iphone14d6xdcp_restore.im4p (Firmware/dcp/iphone14d6xdcp_restore.im4p)...
16:37:06.939    <Info> Personalizing IMG4 component RestoreDCP...
16:37:06.939    <Info> Sending RestoreDCP (2106020 bytes)...
16:37:07.540    <Info> Extracting 043-00765-389.dmg.trustcache (Firmware/043-00765-389.dmg.trustcache)...
16:37:07.542    <Info> Personalizing IMG4 component RestoreTrustCache...
16:37:07.542    <Info> Sending RestoreTrustCache (18711 bytes)...
16:37:07.547    <Info> Extracting SmartIOFirmware_ASCv5.im4p (Firmware/SmartIOFirmware_ASCv5.im4p)...
16:37:07.548    <Info> Personalizing IMG4 component SIO...
16:37:07.549    <Info> Sending SIO (1163414 bytes)...
16:37:07.598    <Info> Extracting WirelessPower.iphone14.im4p (Firmware/WirelessPower/WirelessPower.iphone14.im4p)...
16:37:07.601    <Info> Personalizing IMG4 component WCHFirmwareUpdater...
16:37:07.602    <Info> Sending WCHFirmwareUpdater (210468 bytes)...
16:37:07.622    <Info> Extracting iBootData.d63.RELEASE.im4p (Firmware/all_flash/iBootData.d63.RELEASE.im4p)...
16:37:07.623    <Info> Personalizing IMG4 component iBootData...
16:37:07.623    <Info> Sending iBootData (10693 bytes)...
16:37:07.631    <Info> ramdisk-size=0x20000000
16:37:07.631    <Info> Extracting 043-00765-389.dmg (043-00765-389.dmg)...
16:37:08.081    <Info> Personalizing IMG4 component RestoreRamDisk...
16:37:08.127    <Info> Sending RestoreRamDisk (234891621 bytes)...
16:37:19.568    <Info> Extracting DeviceTree.d63ap.im4p (Firmware/all_flash/DeviceTree.d63ap.im4p)...
16:37:19.570    <Info> Personalizing IMG4 component RestoreDeviceTree...
16:37:19.570    <Info> Sending RestoreDeviceTree (59184 bytes)...
16:37:19.583    <Info> Extracting sep-firmware.d63.RELEASE.im4p (Firmware/all_flash/sep-firmware.d63.RELEASE.im4p)...
16:37:19.590    <Info> Personalizing IMG4 component RestoreSEP...
16:37:19.591    <Info> Sending RestoreSEP (7320161 bytes)...
16:37:19.859    <Info> Extracting kernelcache.release.iphone14 (kernelcache.release.iphone14)...
16:37:19.886    <Info> Personalizing IMG4 component RestoreKernelCache...
16:37:19.889    <Info> Sending RestoreKernelCache (20023363 bytes)...
16:37:23.543    <Info> Waiting for device to enter restore mode...
16:37:29.067   <Error> Device failed to enter restore mode.
16:37:29.067   <Error> Device reconnected in Recovery mode, most likely image personalization failed.
